Created the tree successfully using C:\Users\Prakat-L-0005\Desktop\Automation pipeline\e2e-automation-pipeline-master\src\test\java\performance\2020-08-28_11-14-26.431528\modified_requests.jmx
Starting standalone test @ Fri Aug 28 11:15:21 IST 2020 (1598593521865)
Waiting for possible Shutdown/StopTestNow/HeapDump/ThreadDump message on port 4445
Tidying up ...    @ Fri Aug 28 11:17:58 IST 2020 (1598593678779)
... end of run
